root@luqtozaki-virtual-machine:/home/luqtozaki/Desktop/GitTest# git -v
unknown option: -v
usage: git [--version] [--help] [-C <path>] [-c <name>=<value>]
           [--exec-path[=<path>]] [--html-path] [--man-path] [--info-path]
           [-p | --paginate | -P | --no-pager] [--no-replace-objects] [--bare]
           [--git-dir=<path>] [--work-tree=<path>] [--namespace=<name>]
           <command> [<args>]
root@luqtozaki-virtual-machine:/home/luqtozaki/Desktop/GitTest# git --v
unknown option: --v
usage: git [--version] [--help] [-C <path>] [-c <name>=<value>]
           [--exec-path[=<path>]] [--html-path] [--man-path] [--info-path]
           [-p | --paginate | -P | --no-pager] [--no-replace-objects] [--bare]
           [--git-dir=<path>] [--work-tree=<path>] [--namespace=<name>]
           <command> [<args>]
root@luqtozaki-virtual-machine:/home/luqtozaki/Desktop/GitTest# git --version
git version 2.25.1
root@luqtozaki-virtual-machine:/home/luqtozaki/Desktop/GitTest# git init
Initialized empty Git repository in /home/luqtozaki/Desktop/GitTest/.git/
root@luqtozaki-virtual-machine:/home/luqtozaki/Desktop/GitTest# ls
gittest.txt
root@luqtozaki-virtual-machine:/home/luqtozaki/Desktop/GitTest# git status
On branch master

No commits yet

Untracked files:
  (use "git add <file>..." to include in what will be committed)
	gittest.txt

nothing added to commit but untracked files present (use "git add" to track)
root@luqtozaki-virtual-machine:/home/luqtozaki/Desktop/GitTest# git add gittest.txt
root@luqtozaki-virtual-machine:/home/luqtozaki/Desktop/GitTest# git status
On branch master

No commits yet

Changes to be committed:
  (use "git rm --cached <file>..." to unstage)
	new file:   gittest.txt

root@luqtozaki-virtual-machine:/home/luqtozaki/Desktop/GitTest# git config --global user.email "luqmankhir@gmail.com"
root@luqtozaki-virtual-machine:/home/luqtozaki/Desktop/GitTest# git config --global user.name "Luqman Khir"
root@luqtozaki-virtual-machine:/home/luqtozaki/Desktop/GitTest# git commit -m "Wakil orang terkacak di dunia lagi bijaksana"
[master (root-commit) 08a8716] Wakil orang terkacak di dunia lagi bijaksana
 1 file changed, 0 insertions(+), 0 deletions(-)
 create mode 100644 gittest.txt
root@luqtozaki-virtual-machine:/home/luqtozaki/Desktop/GitTest# vm 

Command 'vm' not found, but can be installed with:

apt install mgetty-voice

root@luqtozaki-virtual-machine:/home/luqtozaki/Desktop/GitTest# vmnet

Command 'vmnet' not found, did you mean:

  command 'wmnet' from deb wmnet (1.06-1build1)

Try: apt install <deb name>

root@luqtozaki-virtual-machine:/home/luqtozaki/Desktop/GitTest# vim
root@luqtozaki-virtual-machine:/home/luqtozaki/Desktop/GitTest# vim gittest.txt
root@luqtozaki-virtual-machine:/home/luqtozaki/Desktop/GitTest# vim gittest.txt
root@luqtozaki-virtual-machine:/home/luqtozaki/Desktop/GitTest# vim gittest.txt
root@luqtozaki-virtual-machine:/home/luqtozaki/Desktop/GitTest# vim gittest.txt
root@luqtozaki-virtual-machine:/home/luqtozaki/Desktop/GitTest# git checkout -b GitWorkshop
Switched to a new branch 'GitWorkshop'
root@luqtozaki-virtual-machine:/home/luqtozaki/Desktop/GitTest# git status
On branch GitWorkshop
Changes not staged for commit:
  (use "git add <file>..." to update what will be committed)
  (use "git restore <file>..." to discard changes in working directory)
	modified:   gittest.txt

no changes added to commit (use "git add" and/or "git commit -a")
root@luqtozaki-virtual-machine:/home/luqtozaki/Desktop/GitTest# git checkout master
M	gittest.txt
Switched to branch 'master'
root@luqtozaki-virtual-machine:/home/luqtozaki/Desktop/GitTest# touch gitsecond hand.txt
root@luqtozaki-virtual-machine:/home/luqtozaki/Desktop/GitTest# git add gitsecond.txt
fatal: pathspec 'gitsecond.txt' did not match any files
root@luqtozaki-virtual-machine:/home/luqtozaki/Desktop/GitTest# git add hand.txtroot@luqtozaki-virtual-machine:/home/luqtozaki/Desktop/GitTest# git commit -m "Buat second file"
[master a1ece26] Buat second file
 1 file changed, 0 insertions(+), 0 deletions(-)
 create mode 100644 hand.txt
root@luqtozaki-virtual-machine:/home/luqtozaki/Desktop/GitTest# git checkout GitWorkshop
M	gittest.txt
Switched to branch 'GitWorkshop'
root@luqtozaki-virtual-machine:/home/luqtozaki/Desktop/GitTest# git status
On branch GitWorkshop
Changes not staged for commit:
  (use "git add <file>..." to update what will be committed)
  (use "git restore <file>..." to discard changes in working directory)
	modified:   gittest.txt

no changes added to commit (use "git add" and/or "git commit -a")
root@luqtozaki-virtual-machine:/home/luqtozaki/Desktop/GitTest# git remote add origin https://github.com/luqmankhir/gitworkshops.git
root@luqtozaki-virtual-machine:/home/luqtozaki/Desktop/GitTest# git push -u origin master
Username for 'https://github.com': luqmankhir 
Password for 'https://luqmankhir@github.com': 
remote: Support for password authentication was removed on August 13, 2021. Please use a personal access token instead.
remote: Please see https://github.blog/2020-12-15-token-authentication-requirements-for-git-operations/ for more information.
fatal: Authentication failed for 'https://github.com/luqmankhir/gitworkshops.git/'
root@luqtozaki-virtual-machine:/home/luqtozaki/Desktop/GitTest# git push -u origin master
Username for 'https://github.com': luqmankhir
Password for 'https://luqmankhir@github.com': 
Enumerating objects: 5, done.
Counting objects: 100% (5/5), done.
Delta compression using up to 4 threads
Compressing objects: 100% (3/3), done.
Writing objects: 100% (5/5), 452 bytes | 452.00 KiB/s, done.
Total 5 (delta 0), reused 0 (delta 0)
To https://github.com/luqmankhir/gitworkshops.git
 * [new branch]      master -> master
Branch 'master' set up to track remote branch 'master' from 'origin'.
root@luqtozaki-virtual-machine:/home/luqtozaki/Desktop/GitTest# git push origin GitWorkshop\
> 
Username for 'https://github.com': luqmankhir
Password for 'https://luqmankhir@github.com': 
Total 0 (delta 0), reused 0 (delta 0)
remote: 
remote: Create a pull request for 'GitWorkshop' on GitHub by visiting:
remote:      https://github.com/luqmankhir/gitworkshops/pull/new/GitWorkshop
remote: 
To https://github.com/luqmankhir/gitworkshops.git
 * [new branch]      GitWorkshop -> GitWorkshop
root@luqtozaki-virtual-machine:/home/luqtozaki/Desktop/GitTest# git checkout master
M	gittest.txt
Switched to branch 'master'
Your branch is up to date with 'origin/master'.
root@luqtozaki-virtual-machine:/home/luqtozaki/Desktop/GitTest# ls
gittest.txt  hand.txt
root@luqtozaki-virtual-machine:/home/luqtozaki/Desktop/GitTest# git checkout -b  thirdbranch
Switched to a new branch 'thirdbranch'
root@luqtozaki-virtual-machine:/home/luqtozaki/Desktop/GitTest# pico gittest.txt
 

Use "fg" to return to nano.

[1]+  Stopped                 pico gittest.txt
root@luqtozaki-virtual-machine:/home/luqtozaki/Desktop/GitTest# fg
pico gittest.txt
root@luqtozaki-virtual-machine:/home/luqtozaki/Desktop/GitTest# pico gittest.txt
root@luqtozaki-virtual-machine:/home/luqtozaki/Desktop/GitTest# git add gittest2.txt
root@luqtozaki-virtual-machine:/home/luqtozaki/Desktop/GitTest# git commit -m "Ini adalah file 2nd hand"
[thirdbranch 1911e05] Ini adalah file 2nd hand
 1 file changed, 3 insertions(+)
 create mode 100644 gittest2.txt
root@luqtozaki-virtual-machine:/home/luqtozaki/Desktop/GitTest# git push origin Location File Secondhand
error: src refspec Location does not match any
error: src refspec File does not match any
error: src refspec Secondhand does not match any
error: failed to push some refs to 'https://github.com/luqmankhir/gitworkshops.git'
root@luqtozaki-virtual-machine:/home/luqtozaki/Desktop/GitTest# git push origin "Location File Secondhand"
fatal: invalid refspec 'Location File Secondhand'
root@luqtozaki-virtual-machine:/home/luqtozaki/Desktop/GitTest# git push origin "Location_File_Secondhand"
error: src refspec Location_File_Secondhand does not match any
error: failed to push some refs to 'https://github.com/luqmankhir/gitworkshops.git'
root@luqtozaki-virtual-machine:/home/luqtozaki/Desktop/GitTest# git push origin LocationFileSecondhand
error: src refspec LocationFileSecondhand does not match any
error: failed to push some refs to 'https://github.com/luqmankhir/gitworkshops.git'
root@luqtozaki-virtual-machine:/home/luqtozaki/Desktop/GitTest# git push origin Location File Secondhand
error: src refspec Location does not match any
error: src refspec File does not match any
error: src refspec Secondhand does not match any
error: failed to push some refs to 'https://github.com/luqmankhir/gitworkshops.git'
root@luqtozaki-virtual-machine:/home/luqtozaki/Desktop/GitTest# git push origin Location
error: src refspec Location does not match any
error: failed to push some refs to 'https://github.com/luqmankhir/gitworkshops.git'
root@luqtozaki-virtual-machine:/home/luqtozaki/Desktop/GitTest# ls
gittest2.txt  gittest.txt  hand.txt
root@luqtozaki-virtual-machine:/home/luqtozaki/Desktop/GitTest# git pull origin master
From https://github.com/luqmankhir/gitworkshops
 * branch            master     -> FETCH_HEAD
Already up to date.
root@luqtozaki-virtual-machine:/home/luqtozaki/Desktop/GitTest# git commit --mixed origin/master
error: unknown option `mixed'
usage: git commit [<options>] [--] <pathspec>...

    -q, --quiet           suppress summary after successful commit
    -v, --verbose         show diff in commit message template

Commit message options
    -F, --file <file>     read message from file
    --author <author>     override author for commit
    --date <date>         override date for commit
    -m, --message <message>
                          commit message
    -c, --reedit-message <commit>
                          reuse and edit message from specified commit
    -C, --reuse-message <commit>
                          reuse message from specified commit
    --fixup <commit>      use autosquash formatted message to fixup specified commit
    --squash <commit>     use autosquash formatted message to squash specified commit
    --reset-author        the commit is authored by me now (used with -C/-c/--amend)
    -s, --signoff         add Signed-off-by:
    -t, --template <file>
                          use specified template file
    -e, --edit            force edit of commit
    --cleanup <mode>      how to strip spaces and #comments from message
    --status              include status in commit message template
    -S, --gpg-sign[=<key-id>]
                          GPG sign commit

Commit contents options
    -a, --all             commit all changed files
    -i, --include         add specified files to index for commit
    --interactive         interactively add files
    -p, --patch           interactively add changes
    -o, --only            commit only specified files
    -n, --no-verify       bypass pre-commit and commit-msg hooks
    --dry-run             show what would be committed
    --short               show status concisely
    --branch              show branch information
    --ahead-behind        compute full ahead/behind values
    --porcelain           machine-readable output
    --long                show status in long format (default)
    -z, --null            terminate entries with NUL
    --amend               amend previous commit
    --no-post-rewrite     bypass post-rewrite hook
    -u, --untracked-files[=<mode>]
                          show untracked files, optional modes: all, normal, no. (Default: all)
    --pathspec-from-file <file>
                          read pathspec from file
    --pathspec-file-nul   with --pathspec-from-file, pathspec elements are separated with NUL character

root@luqtozaki-virtual-machine:/home/luqtozaki/Desktop/GitTest# git add .
root@luqtozaki-virtual-machine:/home/luqtozaki/Desktop/GitTest# git commit -m "Ini adalah file second hand"
[thirdbranch 64d37b5] Ini adalah file second hand
 1 file changed, 3 insertions(+)
root@luqtozaki-virtual-machine:/home/luqtozaki/Desktop/GitTest# git push origin master
Username for 'https://github.com': luqmankhir
Password for 'https://luqmankhir@github.com': 
Everything up-to-date
root@luqtozaki-virtual-machine:/home/luqtozaki/Desktop/GitTest# git status
On branch thirdbranch
nothing to commit, working tree clean
root@luqtozaki-virtual-machine:/home/luqtozaki/Desktop/GitTest# git add gittest2.txt
root@luqtozaki-virtual-machine:/home/luqtozaki/Desktop/GitTest# git status
On branch thirdbranch
nothing to commit, working tree clean
root@luqtozaki-virtual-machine:/home/luqtozaki/Desktop/GitTest# git commit -m "Salamat Shopee"
On branch thirdbranch
nothing to commit, working tree clean
root@luqtozaki-virtual-machine:/home/luqtozaki/Desktop/GitTest# git push origin thirdbranch
Username for 'https://github.com': luqmankhir
Password for 'https://luqmankhir@github.com': 
Enumerating objects: 7, done.
Counting objects: 100% (7/7), done.
Delta compression using up to 4 threads
Compressing objects: 100% (5/5), done.
Writing objects: 100% (5/5), 603 bytes | 603.00 KiB/s, done.
Total 5 (delta 0), reused 0 (delta 0)
remote: 
remote: Create a pull request for 'thirdbranch' on GitHub by visiting:
remote:      https://github.com/luqmankhir/gitworkshops/pull/new/thirdbranch
remote: 
To https://github.com/luqmankhir/gitworkshops.git
 * [new branch]      thirdbranch -> thirdbranch
root@luqtozaki-virtual-machine:/home/luqtozaki/Desktop/GitTest# git status]
git: 'status]' is not a git command. See 'git --help'.

The most similar command is
	status
root@luqtozaki-virtual-machine:/home/luqtozaki/Desktop/GitTest# git status
On branch thirdbranch
nothing to commit, working tree clean
root@luqtozaki-virtual-machine:/home/luqtozaki/Desktop/GitTest# git pull origin master
remote: Enumerating objects: 1, done.
remote: Counting objects: 100% (1/1), done.
remote: Total 1 (delta 0), reused 0 (delta 0), pack-reused 0
Unpacking objects: 100% (1/1), 626 bytes | 626.00 KiB/s, done.
From https://github.com/luqmankhir/gitworkshops
 * branch            master     -> FETCH_HEAD
   a1ece26..54b78b2  master     -> origin/master
Updating 64d37b5..54b78b2
Fast-forward
root@luqtozaki-virtual-machine:/home/luqtozaki/Desktop/GitTest# git log
commit 54b78b27eca736b2f84d8dc572dd649ccc86ff69 (HEAD -> thirdbranch, origin/master)
Merge: a1ece26 64d37b5
Author: Luq Tozaki <42862786+luqmankhir@users.noreply.github.com>
Date:   Tue Nov 2 22:17:28 2021 +0800

    Merge pull request #2 from luqmankhir/thirdbranch
    
    Thirdbranch

commit 64d37b53bd7a1d57ca4a3cfb6fb7752461576555 (origin/thirdbranch)
Author: Luqman Khir <luqmankhir@gmail.com>
Date:   Tue Nov 2 22:12:31 2021 +0800

    Ini adalah file second hand

commit 1911e056ed5dc2bae7b9ca7f9b5a7da77b11b3a9
Author: Luqman Khir <luqmankhir@gmail.com>
Date:   Tue Nov 2 22:08:14 2021 +0800

    Ini adalah file 2nd hand

...skipping...


                   SUMMARY OF LESS COMMANDS

      Commands marked with * may be preceded by a number, N.
      Notes in parentheses indicate the behavior if N is given.
      A key preceded by a caret indicates the Ctrl key; thus ^K is ctrl-K.

  h  H                 Display this help.
  q  :q  Q  :Q  ZZ     Exit.
 ---------------------------------------------------------------------------

                           MOVING

  e  ^E  j  ^N  CR  *  Forward  one line   (or N lines).
  y  ^Y  k  ^K  ^P  *  Backward one line   (or N lines).
  f  ^F  ^V  SPACE  *  Forward  one window (or N lines).
  b  ^B  ESC-v      *  Backward one window (or N lines).
  z                 *  Forward  one window (and set window to N).
  w                 *  Backward one window (and set window to N).
  ESC-SPACE         *  Forward  one window, but don't stop at end-of-file.
  d  ^D             *  Forward  one half-window (and set half-window to N).
  u  ^U             *  Backward one half-window (and set half-window to N).
  ESC-)  RightArrow *  Right one half screen width (or N positions).
HELP -- Press RETURN for more, or q when done...skipping...
commit 54b78b27eca736b2f84d8dc572dd649ccc86ff69 (HEAD -> thirdbranch, origin/master)
Merge: a1ece26 64d37b5
Author: Luq Tozaki <42862786+luqmankhir@users.noreply.github.com>
Date:   Tue Nov 2 22:17:28 2021 +0800

    Merge pull request #2 from luqmankhir/thirdbranch
    
    Thirdbranch

commit 64d37b53bd7a1d57ca4a3cfb6fb7752461576555 (origin/thirdbranch)
Author: Luqman Khir <luqmankhir@gmail.com>
Date:   Tue Nov 2 22:12:31 2021 +0800

    Ini adalah file second hand

commit 1911e056ed5dc2bae7b9ca7f9b5a7da77b11b3a9
Author: Luqman Khir <luqmankhir@gmail.com>
Date:   Tue Nov 2 22:08:14 2021 +0800

    Ini adalah file 2nd hand

commit a1ece26f8c9c1e8b87d11583444f68ee5a1f51e0 (master)
root@luqtozaki-virtual-machine:/home/luqtozaki/Desktop/GitTest# git checkout master
Switched to branch 'master'
Your branch is behind 'origin/master' by 3 commits, and can be fast-forwarded.
  (use "git pull" to update your local branch)
root@luqtozaki-virtual-machine:/home/luqtozaki/Desktop/GitTest# git pull origin master
From https://github.com/luqmankhir/gitworkshops
 * branch            master     -> FETCH_HEAD
Updating a1ece26..54b78b2
Fast-forward
 gittest.txt  | 3 +++
 gittest2.txt | 3 +++
 2 files changed, 6 insertions(+)
 create mode 100644 gittest2.txt
root@luqtozaki-virtual-machine:/home/luqtozaki/Desktop/GitTest# git checkout master
Already on 'master'
Your branch is up to date with 'origin/master'.
root@luqtozaki-virtual-machine:/home/luqtozaki/Desktop/GitTest# > list.txt
root@luqtozaki-virtual-machine:/home/luqtozaki/Desktop/GitTest# script list.txt
Script started, file is list.txt
root@luqtozaki-virtual-machine:/home/luqtozaki/Desktop/GitTest# 

